com\cpcommunity\PageObjects\ResetPasswordPage.class
com\cpcommunity\PageObjects\MyDashboardPage.class
com\cpcommunity\utilities\DateManager.class
com\cpcommunity\utilities\DbManager$GetAllRows.class
com\cpcommunity\PageObjects\BlogsPage2.class
com\cpcommunity\PageObjects\LinkedIn.class
com\cpcommunity\PageObjects\MeetingAccountsPage.class
com\cpcommunity\PageObjects\Create_UpdateGroupPage.class
com\cpcommunity\PageObjects\ManageGroupsPage.class
com\cpcommunity\PageObjects\ManageGroupMembersPageByGroupAdmin.class
com\cpcommunity\utilities\TestDBConn3.class
com\cpcommunity\PageObjects\CreateOrEditEvent.class
com\cpcommunity\utilities\SendEmailSSL$1.class
com\cpcommunity\utilities\monitoringMail.class
com\cpcommunity\PageObjects\ManageAdPlansPage.class
com\cpcommunity\utilities\SessionID.class
com\cpcommunity\PageObjects\ConnectionsPage.class
com\cpcommunity\PageObjects\HomePage.class
com\cpcommunity\utilities\SendEmailSSL.class
PMRCQA\com\PMRCQA\App.class
com\cpcommunity\PageObjects\PromoCodePage.class
com\cpcommunity\PageObjects\AdvertismentPurchasePage.class
com\uiFramework\pamTen\cpcommunity\helper\imagediffer\Imagediff.class
com\cpcommunity\PageObjects\ChangePasswordPage.class
com\cpcommunity\PageObjects\ZohoSubscriptionsPage.class
com\cpcommunity\PageObjects\JoinUserCommunity.class
com\cpcommunity\PageObjects\CommunityDetailsPage.class
com\cpcommunity\PageObjects\SetupPayPalPage.class
com\cpcommunity\PageObjects\CommunityInviteMembersPage.class
com\cpcommunity\PageObjects\EditCommunityPage.class
com\cpcommunity\PageObjects\CreateOrEditCommunityPage.class
com\cpcommunity\PageObjects\ManageMemberAdvertisementsPage.class
com\cpcommunity\utilities\TestDBConn.class
com\cpcommunity\PageObjects\FaceBookPage.class
com\cpcommunity\PageObjects\ManageApplications.class
com\cpcommunity\utilities\DataUtil.class
com\cpcommunity\PageObjects\ResetPasswordConfirmation.class
com\cpcommunity\PageObjects\Invalidaccountdetailspage.class
com\cpcommunity\PageObjects\TagsPage.class
com\cpcommunity\utilities\RobotClass.class
com\cpcommunity\utilities\DriverFactory.class
com\cpcommunity\utilities\ExcelReader.class
com\cpcommunity\PageObjects\ManageJobsPage.class
com\cpcommunity\utilities\ExcelApiTest.class
com\cpcommunity\utilities\MonitoringMail1$1.class
com\cpcommunity\PageObjects\ForgotPasswordPage.class
com\cpcommunity\PageObjects\LoginPage.class
com\cpcommunity\PageObjects\MyGroupsPage.class
com\cpcommunity\PageObjects\PendingCommunitiesPage.class
com\cpcommunity\PageObjects\MembershipPlansPage.class
com\cpcommunity\PageObjects\CreateCommunityPage.class
com\cpcommunity\utilities\MonitoringMail1.class
com\cpcommunity\PageObjects\UpcomingEventsPage.class
com\cpcommunity\PageObjects\MyProfilePage.class
com\cpcommunity\PageObjects\EventTicketPage.class
com\cpcommunity\PageObjects\BasePage.class
com\cpcommunity\PageObjects\MyAdvertisements.class
com\cpcommunity\PageObjects\PlansPage.class
com\cpcommunity\PageObjects\AuthorizeMerchanLogin.class
com\cpcommunity\PageObjects\Messages.class
com\cpcommunity\PageObjects\CommunityBlogsPage.class
com\cpcommunity\ExtentListeners\ExtentListeners.class
com\cpcommunity\utilities\DataProviders.class
com\cpcommunity\PageObjects\ServeysPage.class
com\cpcommunity\utilities\TestConfig.class
com\cpcommunity\PageObjects\ZohoCliqPage.class
com\cpcommunity\utilities\DriverCapabilities.class
com\uiFramework\pamTen\cpcommunity\helper\assertion\AssertionHelper.class
com\cpcommunity\utilities\DbManager.class
com\cpcommunity\PageObjects\GroupDetailsPage.class
com\cpcommunity\PageObjects\PricingPlanDetailsPage.class
com\cpcommunity\ExtentListeners\ExtentManager.class
com\cpcommunity\PageObjects\CommunityEventsPage.class
com\cpcommunity\PageObjects\ManageCommunityMembersPage.class
com\cpcommunity\PageObjects\PayPalMerchant.class
com\cpcommunity\PageObjects\GlobalMembersPage.class
com\cpcommunity\utilities\Constants.class
com\cpcommunity\utilities\waitHelper.class
com\cpcommunity\utilities\monitoringMail$1.class
com\cpcommunity\PageObjects\GlobalCommunitesPage.class
com\cpcommunity\PageObjects\ZohoCreatorPage.class
com\cpcommunity\PageObjects\ZohoSalesIQPage.class
com\cpcommunity\PageObjects\SystemAdminDashboardPage.class
com\cpcommunity\PageObjects\GroupsPendingRequestsPage.class
com\cpcommunity\utilities\TestDBConn4.class
com\cpcommunity\PageObjects\CommunityPendingRequestsPage.class
com\cpcommunity\utilities\DriverManager.class
com\uiFramework\pamTen\cpcommunity\helper\assertion\VerificationHelper.class
com\cpcommunity\PageObjects\Gmail.class
com\cpcommunity\PageObjects\PaymentPage.class
com\cpcommunity\PageObjects\CheckInPage.class
com\cpcommunity\utilities\TestDBConn2.class
com\cpcommunity\PageObjects\PaymentConfirmation.class
com\uiFramework\pamTen\cpcommunity\helper\listener\ExtentListener.class
com\cpcommunity\utilities\ExcelWriter.class
com\cpcommunity\PageObjects\EcoSystemPage.class
com\cpcommunity\PageObjects\ManageGroupMembersPage.class
com\cpcommunity\PageObjects\EventDetailsPage.class
com\cpcommunity\PageObjects\Sharing.class
com\cpcommunity\PageObjects\SetupAuthorizePage.class
com\cpcommunity\PageObjects\CommunityDashboardPage.class
com\cpcommunity\PageObjects\PaymentReceipt.class
com\uiFramework\pamTen\cpcommunity\helper\listener\Retry.class
com\cpcommunity\PageObjects\PaymentGatewaysPage.class
com\cpcommunity\PageObjects\Discussions.class
com\cpcommunity\PageObjects\ManageRequests.class
com\cpcommunity\PageObjects\MyCommunitiesPage.class
com\uiFramework\pamTen\cpcommunity\helper\date\DateManager.class
com\cpcommunity\PageObjects\GlobalCareers.class
com\cpcommunity\PageObjects\PaymentOptionsPage.class
com\cpcommunity\PageObjects\ProfilePage.class
com\cpcommunity\PageObjects\AuthorizeGateway.class
com\uiFramework\pamTen\cpcommunity\helper\calendar\DateManager.class
com\cpcommunity\PageObjects\BlogsPage.class
com\cpcommunity\PageObjects\EndorsementPage.class
com\cpcommunity\PageObjects\PayPalPayment.class
com\cpcommunity\utilities\monitoringMail$SMTPAuthenticator.class
com\cpcommunity\PageObjects\TACommunitiesPage.class
com\cpcommunity\PageObjects\SelectPlanPage.class
com\cpcommunity\utilities\CustomTestNGReporter.class
com\uiFramework\pamTen\cpcommunity\helper\listener\RetryListener.class
com\cpcommunity\utilities\MonitoringMail1$HTMLDataSource.class
com\cpcommunity\PageObjects\CategoriesPage.class
com\cpcommunity\utilities\JavaScript.class
