D:\workspace\bizligo-automation\src\main\java\com\cpcommunity\PageObjects\MembershipPlansPage.java
D:\workspace\bizligo-automation\src\main\java\com\cpcommunity\PageObjects\MyDashboardPage.java
D:\workspace\bizligo-automation\src\main\java\com\cpcommunity\PageObjects\JoinUserCommunity.java
D:\workspace\bizligo-automation\src\main\java\com\cpcommunity\PageObjects\ManageCommunityMembersPage.java
D:\workspace\bizligo-automation\src\main\java\com\cpcommunity\PageObjects\CommunityEventsPage.java
D:\workspace\bizligo-automation\src\main\java\com\cpcommunity\PageObjects\AuthorizeGateway.java
D:\workspace\bizligo-automation\src\main\java\com\cpcommunity\PageObjects\ManageMemberAdvertisementsPage.java
D:\workspace\bizligo-automation\src\main\java\com\cpcommunity\utilities\TestNGEmailableReport2.java
D:\workspace\bizligo-automation\src\main\java\com\cpcommunity\utilities\MonitoringMail1.java
D:\workspace\bizligo-automation\src\main\java\com\cpcommunity\utilities\ExcelApiTest.java
D:\workspace\bizligo-automation\src\main\java\com\cpcommunity\PageObjects\ResetPasswordPage.java
D:\workspace\bizligo-automation\src\main\java\com\cpcommunity\PageObjects\SetupAuthorizePage.java
D:\workspace\bizligo-automation\src\main\java\com\cpcommunity\PageObjects\GlobalCareers.java
D:\workspace\bizligo-automation\src\main\java\com\cpcommunity\PageObjects\GroupDetailsPage.java
D:\workspace\bizligo-automation\src\main\java\com\cpcommunity\PageObjects\ResetPasswordConfirmation.java
D:\workspace\bizligo-automation\src\main\java\com\cpcommunity\utilities\TestDBConn4.java
D:\workspace\bizligo-automation\src\main\java\com\cpcommunity\PageObjects\CreateOrEditCommunityPage.java
D:\workspace\bizligo-automation\src\main\java\com\cpcommunity\PageObjects\Messages.java
D:\workspace\bizligo-automation\src\main\java\com\cpcommunity\utilities\Constants.java
D:\workspace\bizligo-automation\src\main\java\com\cpcommunity\PageObjects\PaymentConfirmation.java
D:\workspace\bizligo-automation\src\main\java\com\cpcommunity\PageObjects\CategoriesPage.java
D:\workspace\bizligo-automation\src\main\java\com\cpcommunity\PageObjects\EndorsementPage.java
D:\workspace\bizligo-automation\src\main\java\com\cpcommunity\utilities\DataProviders.java
D:\workspace\bizligo-automation\src\main\java\com\uiFramework\pamTen\cpcommunity\helper\imagediffer\Imagediff.java
D:\workspace\bizligo-automation\src\main\java\com\cpcommunity\PageObjects\PaymentPage.java
D:\workspace\bizligo-automation\src\main\java\com\cpcommunity\PageObjects\SetupPayPalPage.java
D:\workspace\bizligo-automation\src\main\java\com\cpcommunity\utilities\SessionID.java
D:\workspace\bizligo-automation\src\main\java\com\cpcommunity\PageObjects\AuthorizeMerchanLogin.java
D:\workspace\bizligo-automation\src\main\java\com\cpcommunity\PageObjects\MyProfilePage.java
D:\workspace\bizligo-automation\src\main\java\com\uiFramework\pamTen\cpcommunity\helper\listener\Retry.java
D:\workspace\bizligo-automation\src\main\java\com\cpcommunity\PageObjects\ZohoSalesIQPage.java
D:\workspace\bizligo-automation\src\main\java\com\cpcommunity\PageObjects\CommunityInviteMembersPage.java
D:\workspace\bizligo-automation\src\main\java\com\cpcommunity\PageObjects\EcoSystemPage.java
D:\workspace\bizligo-automation\src\main\java\com\cpcommunity\PageObjects\GroupsPendingRequestsPage.java
D:\workspace\bizligo-automation\src\main\java\com\cpcommunity\PageObjects\TagsPage.java
D:\workspace\bizligo-automation\src\main\java\com\cpcommunity\PageObjects\PayPalPayment.java
D:\workspace\bizligo-automation\src\main\java\com\cpcommunity\utilities\CustomTestNGReporter.java
D:\workspace\bizligo-automation\src\main\java\com\cpcommunity\PageObjects\PromoCodePage.java
D:\workspace\bizligo-automation\src\main\java\com\cpcommunity\PageObjects\Sharing.java
D:\workspace\bizligo-automation\src\main\java\com\cpcommunity\PageObjects\ZohoCliqPage.java
D:\workspace\bizligo-automation\src\main\java\com\cpcommunity\PageObjects\CheckInPage.java
D:\workspace\bizligo-automation\src\main\java\com\cpcommunity\PageObjects\ManageMembers.java
D:\workspace\bizligo-automation\src\main\java\com\cpcommunity\PageObjects\CommunityBlogsPage.java
D:\workspace\bizligo-automation\src\main\java\com\cpcommunity\PageObjects\EventDetailsPage.java
D:\workspace\bizligo-automation\src\main\java\com\cpcommunity\PageObjects\PaymentReceipt.java
D:\workspace\bizligo-automation\src\main\java\com\cpcommunity\utilities\DataUtil.java
D:\workspace\bizligo-automation\src\main\java\com\cpcommunity\utilities\ExcelWriter.java
D:\workspace\bizligo-automation\src\main\java\com\cpcommunity\PageObjects\CreateCommunityPage.java
D:\workspace\bizligo-automation\src\main\java\com\cpcommunity\PageObjects\UpdatewithlinkedinPage.java
D:\workspace\bizligo-automation\src\main\java\com\cpcommunity\PageObjects\ManageRequests.java
D:\workspace\bizligo-automation\src\main\java\com\cpcommunity\PageObjects\ZohoHomePage.java
D:\workspace\bizligo-automation\src\main\java\com\cpcommunity\utilities\ExcelReader.java
D:\workspace\bizligo-automation\src\main\java\com\cpcommunity\PageObjects\CommunityDetailsPage.java
D:\workspace\bizligo-automation\src\main\java\com\cpcommunity\PageObjects\Create_UpdateGroupPage.java
D:\workspace\bizligo-automation\src\main\java\com\cpcommunity\PageObjects\UpcomingEventsPage.java
D:\workspace\bizligo-automation\src\main\java\com\cpcommunity\PageObjects\PayPalMerchant.java
D:\workspace\bizligo-automation\src\main\java\com\cpcommunity\PageObjects\MyGroupsPage.java
D:\workspace\bizligo-automation\src\main\java\com\uiFramework\pamTen\cpcommunity\helper\date\DateManager.java
D:\workspace\bizligo-automation\src\main\java\com\cpcommunity\PageObjects\PaymentOptionsPage.java
D:\workspace\bizligo-automation\src\main\java\com\cpcommunity\utilities\DriverFactory.java
D:\workspace\bizligo-automation\src\main\java\com\cpcommunity\PageObjects\BlogsPage.java
D:\workspace\bizligo-automation\src\main\java\com\cpcommunity\PageObjects\MyCommunitiesPage.java
D:\workspace\bizligo-automation\src\main\java\com\cpcommunity\PageObjects\ManageGroupMembersPageByGroupAdmin.java
D:\workspace\bizligo-automation\src\main\java\com\cpcommunity\PageObjects\ProfilePage.java
D:\workspace\bizligo-automation\src\main\java\com\cpcommunity\utilities\JavaScript.java
D:\workspace\bizligo-automation\src\main\java\com\cpcommunity\utilities\TestConfig.java
D:\workspace\bizligo-automation\src\main\java\com\cpcommunity\PageObjects\EventTicketPage.java
D:\workspace\bizligo-automation\src\main\java\com\cpcommunity\utilities\SendEmailSSL.java
D:\workspace\bizligo-automation\src\main\java\com\cpcommunity\PageObjects\ZohoLoginPage.java
D:\workspace\bizligo-automation\src\main\java\com\cpcommunity\utilities\TestDBConn3.java
D:\workspace\bizligo-automation\src\main\java\com\cpcommunity\PageObjects\ChangePasswordPage.java
D:\workspace\bizligo-automation\src\main\java\com\cpcommunity\PageObjects\ConnectionsPage.java
D:\workspace\bizligo-automation\src\main\java\com\cpcommunity\PageObjects\Discussions.java
D:\workspace\bizligo-automation\src\main\java\com\cpcommunity\PageObjects\ManageGroupsPage.java
D:\workspace\bizligo-automation\src\main\java\com\cpcommunity\PageObjects\ManageJobsPage.java
D:\workspace\bizligo-automation\src\main\java\com\cpcommunity\PageObjects\ManageGroupMembersPage.java
D:\workspace\bizligo-automation\src\main\java\com\cpcommunity\PageObjects\ZoomMeeting.java
D:\workspace\bizligo-automation\src\main\java\com\cpcommunity\PageObjects\Gmail1.java
D:\workspace\bizligo-automation\src\main\java\com\uiFramework\pamTen\cpcommunity\helper\listener\ExtentListener.java
D:\workspace\bizligo-automation\src\main\java\com\cpcommunity\PageObjects\CommunityPendingRequestsPage.java
D:\workspace\bizligo-automation\src\main\java\com\cpcommunity\PageObjects\ManageAdPlansPage.java
D:\workspace\bizligo-automation\src\main\java\com\cpcommunity\PageObjects\LinkedIn.java
D:\workspace\bizligo-automation\src\main\java\com\cpcommunity\PageObjects\Invalidaccountdetailspage.java
D:\workspace\bizligo-automation\src\main\java\com\cpcommunity\utilities\DbManager.java
D:\workspace\bizligo-automation\src\main\java\com\cpcommunity\PageObjects\AdvertismentPurchasePage.java
D:\workspace\bizligo-automation\src\main\java\com\cpcommunity\PageObjects\CreateOrEditEvent.java
D:\workspace\bizligo-automation\src\main\java\com\cpcommunity\PageObjects\ManageApplications.java
D:\workspace\bizligo-automation\src\main\java\com\cpcommunity\PageObjects\PayPalGateway.java
D:\workspace\bizligo-automation\src\main\java\com\cpcommunity\ExtentListeners\ExtentManager.java
D:\workspace\bizligo-automation\src\main\java\com\cpcommunity\utilities\DriverCapabilities.java
D:\workspace\bizligo-automation\src\main\java\com\uiFramework\pamTen\cpcommunity\helper\calendar\DateManager.java
D:\workspace\bizligo-automation\src\main\java\com\cpcommunity\PageObjects\PaymentGatewaysPage.java
D:\workspace\bizligo-automation\src\main\java\com\cpcommunity\PageObjects\SystemAdminDashboardPage.java
D:\workspace\bizligo-automation\src\main\java\com\cpcommunity\PageObjects\CommunityDashboardPage.java
D:\workspace\bizligo-automation\src\main\java\com\uiFramework\pamTen\cpcommunity\helper\assertion\VerificationHelper.java
D:\workspace\bizligo-automation\src\main\java\com\cpcommunity\PageObjects\SelectPlanPage.java
D:\workspace\bizligo-automation\src\main\java\com\cpcommunity\ExtentListeners\ExtentListeners.java
D:\workspace\bizligo-automation\src\main\java\com\cpcommunity\PageObjects\Gmail.java
D:\workspace\bizligo-automation\src\main\java\com\cpcommunity\PageObjects\MeetingAccountsPage.java
D:\workspace\bizligo-automation\src\main\java\com\uiFramework\pamTen\cpcommunity\helper\wait\WaitHelper.java
D:\workspace\bizligo-automation\src\main\java\com\cpcommunity\utilities\TestDBConn.java
D:\workspace\bizligo-automation\src\main\java\com\cpcommunity\PageObjects\LoginPage.java
D:\workspace\bizligo-automation\src\main\java\com\cpcommunity\utilities\TestDBConn2.java
D:\workspace\bizligo-automation\src\main\java\com\cpcommunity\PageObjects\ForgotPasswordPage.java
D:\workspace\bizligo-automation\src\main\java\com\cpcommunity\utilities\DropDown.java
D:\workspace\bizligo-automation\src\main\java\com\cpcommunity\PageObjects\GlobalCommunitesPage.java
D:\workspace\bizligo-automation\src\main\java\com\cpcommunity\utilities\DateManager.java
D:\workspace\bizligo-automation\src\main\java\com\cpcommunity\utilities\waitHelper.java
D:\workspace\bizligo-automation\src\main\java\com\cpcommunity\PageObjects\GlobalMembersPage.java
D:\workspace\bizligo-automation\src\main\java\com\cpcommunity\PageObjects\HomePage.java
D:\workspace\bizligo-automation\src\main\java\com\cpcommunity\PageObjects\ZohoCRMPage.java
D:\workspace\bizligo-automation\src\main\java\com\cpcommunity\utilities\RobotClass.java
D:\workspace\bizligo-automation\src\main\java\com\uiFramework\pamTen\cpcommunity\helper\assertion\AssertionHelper.java
D:\workspace\bizligo-automation\src\main\java\com\cpcommunity\utilities\DriverManager.java
D:\workspace\bizligo-automation\src\main\java\com\cpcommunity\PageObjects\PendingCommunitiesPage.java
D:\workspace\bizligo-automation\src\main\java\com\cpcommunity\utilities\TestNGCustomReportListener.java
D:\workspace\bizligo-automation\src\main\java\com\cpcommunity\PageObjects\EditCommunityPage.java
D:\workspace\bizligo-automation\src\main\java\com\uiFramework\pamTen\cpcommunity\helper\select\DropDownHelper.java
D:\workspace\bizligo-automation\src\main\java\com\cpcommunity\PageObjects\BlogsPage2.java
D:\workspace\bizligo-automation\src\main\java\com\cpcommunity\PageObjects\ZohoAppPage.java
D:\workspace\bizligo-automation\src\main\java\com\cpcommunity\PageObjects\FaceBookPage.java
D:\workspace\bizligo-automation\src\main\java\com\cpcommunity\PageObjects\InviteMembersPage.java
D:\workspace\bizligo-automation\src\main\java\com\uiFramework\pamTen\cpcommunity\helper\listener\RetryListener.java
D:\workspace\bizligo-automation\src\main\java\com\cpcommunity\PageObjects\ZohoCreatorPage.java
D:\workspace\bizligo-automation\src\main\java\com\cpcommunity\PageObjects\PlansPage.java
D:\workspace\bizligo-automation\src\main\java\com\cpcommunity\PageObjects\ServeysPage.java
D:\workspace\bizligo-automation\src\main\java\com\cpcommunity\PageObjects\MyAdvertisements.java
D:\workspace\bizligo-automation\src\main\java\com\cpcommunity\PageObjects\ZohoSubscriptionsPage.java
D:\workspace\bizligo-automation\src\main\java\com\cpcommunity\PageObjects\BasePage.java
D:\workspace\bizligo-automation\src\main\java\com\cpcommunity\utilities\monitoringMail.java
D:\workspace\bizligo-automation\src\main\java\com\cpcommunity\PageObjects\TACommunitiesPage.java
D:\workspace\bizligo-automation\src\main\java\com\cpcommunity\PageObjects\PricingPlanDetailsPage.java
